---
source: crates/ndc-clickhouse/tests/query_builder.rs
expression: inlined_sql
input_file: crates/ndc-clickhouse/tests/query_builder/chinook/03_variables_01_simple_predicate.request.json
---
WITH "_vars" AS (
  SELECT
    *
  FROM
    format(
      JSONColumns,
      '{"_varset_id":[1,2],"_var_ArtistId":[1,2]}'
    )
)
SELECT
  toJSONString(
    groupArray(
      cast(
        "_rowset"."_rowset",
        'Tuple(rows Array(Tuple("albumId" Int32, "artistId" Int32, "title" String)))'
      )
    )
  ) AS "rowsets"
FROM
  "_vars" AS "_vars"
  LEFT JOIN (
    SELECT
      tuple(
        groupArray(
          tuple(
            "_row"."_field_albumId" AS "albumId",
            "_row"."_field_artistId" AS "artistId",
            "_row"."_field_title" AS "title"
          )
        ) AS "rows"
      ) AS "_rowset",
      "_row"."_varset_id" AS "_varset_id"
    FROM
      (
        SELECT
          "_origin"."AlbumId" AS "_field_albumId",
          "_origin"."ArtistId" AS "_field_artistId",
          "_origin"."Title" AS "_field_title",
          "_vars"."_varset_id" AS "_varset_id"
        FROM
          "_vars" AS "_vars"
          CROSS JOIN "Chinook"."Album" AS "_origin"
        WHERE
          "_origin"."ArtistId" = "_vars"."_var_ArtistId"
      ) AS "_row"
    GROUP BY
      "_row"."_varset_id"
  ) AS "_rowset" ON "_vars"."_varset_id" = "_rowset"."_varset_id" FORMAT TabSeparatedRaw;
