---
source: crates/ndc-clickhouse/tests/query_builder.rs
expression: inlined_sql
input_file: crates/ndc-clickhouse/tests/query_builder/chinook/02_relationships_06_traverse_relationship_in_order_by.request.json
---
SELECT
  toJSONString(
    groupArray(
      cast(
        "_rowset"."_rowset",
        'Tuple(rows Array(Tuple("trackId" Int32, "name" String, "Album" Tuple(rows Array(Tuple("Artist" Tuple(rows Array(Tuple("name" Nullable(String))))))))))'
      )
    )
  ) AS "rowsets"
FROM
  (
    SELECT
      tuple(
        groupArray(
          tuple(
            "_row"."_field_trackId" AS "trackId",
            "_row"."_field_name" AS "name",
            "_row"."_field_Album" AS "Album"
          )
        ) AS "rows"
      ) AS "_rowset"
    FROM
      (
        SELECT
          "_origin"."TrackId" AS "_field_trackId",
          "_origin"."Name" AS "_field_name",
          "_rel_0_Album"."_rowset" AS "_field_Album"
        FROM
          "Chinook"."Track" AS "_origin"
          LEFT JOIN (
            SELECT
              tuple(
                groupArray(tuple("_row"."_field_Artist" AS "Artist")) AS "rows"
              ) AS "_rowset",
              "_row"."_relkey_AlbumId" AS "_relkey_AlbumId"
            FROM
              (
                SELECT
                  "_rel_0_Artist"."_rowset" AS "_field_Artist",
                  "_origin"."AlbumId" AS "_relkey_AlbumId"
                FROM
                  "Chinook"."Album" AS "_origin"
                  LEFT JOIN (
                    SELECT
                      tuple(
                        groupArray(tuple("_row"."_field_name" AS "name")) AS "rows"
                      ) AS "_rowset",
                      "_row"."_relkey_ArtistId" AS "_relkey_ArtistId"
                    FROM
                      (
                        SELECT
                          "_origin"."Name" AS "_field_name",
                          "_origin"."ArtistId" AS "_relkey_ArtistId"
                        FROM
                          "Chinook"."Artist" AS "_origin"
                      ) AS "_row"
                    GROUP BY
                      "_row"."_relkey_ArtistId"
                  ) AS "_rel_0_Artist" ON "_origin"."ArtistId" = "_rel_0_Artist"."_relkey_ArtistId"
              ) AS "_row"
            GROUP BY
              "_row"."_relkey_AlbumId"
          ) AS "_rel_0_Album" ON "_origin"."AlbumId" = "_rel_0_Album"."_relkey_AlbumId"
          LEFT JOIN (
            SELECT
              "_order_by_0"."AlbumId" AS "_relkey_AlbumId",
              "_order_by_1"."Name" AS "_order_by_value"
            FROM
              "Chinook"."Album" AS "_order_by_0"
              JOIN "Chinook"."Artist" AS "_order_by_1" ON "_order_by_0"."ArtistId" = "_order_by_1"."ArtistId"
            WHERE
              TRUE
              AND TRUE
            GROUP BY
              "_order_by_0"."AlbumId",
              "_order_by_1"."Name"
            LIMIT
              1 BY "_order_by_0"."AlbumId"
          ) AS "_order_by_0" ON "_origin"."AlbumId" = "_order_by_0"."_relkey_AlbumId"
        ORDER BY
          "_order_by_0"."_order_by_value" ASC,
          "_origin"."Name" ASC
      ) AS "_row"
  ) AS "_rowset" FORMAT TabSeparatedRaw;
